// Jest Snapshot v1, https://goo.gl/fbAQLP

exports[`проверка функции App renders learn react link 1`] = `
<input
  placeholder="Type here..."
  type="text"
/>
`;
